// Jest Snapshot v1, https://goo.gl/fbAQLP

exports[`AddForm component AddForm snapshot 1`] = `
Object {
  "asFragment": [Function],
  "baseElement": <body>
    <div>
      <form
        class="addForm"
      >
        <div
          class="inputContainer"
        >
          <input
            placeholder="name"
            required=""
            type="text"
            value=""
          />
          <input
            placeholder="username"
            required=""
            type="text"
            value=""
          />
          <input
            pattern="[a-z0-9._%+-]+@[a-z0-9.-]+\\\\.[a-z]{2,4}$"
            placeholder="email"
            required=""
            type="email"
            value=""
          />
        </div>
        <div
          class="btnAddFromFormContainer"
        >
          <button
            class="btnDisabled"
            type="submit"
          >
            Add from Form
          </button>
        </div>
      </form>
      <div
        class="btnAddFromApiContainer"
      >
        <button
          class=""
        >
          Add from API
        </button>
      </div>
    </div>
  </body>,
  "container": <div>
    <form
      class="addForm"
    >
      <div
        class="inputContainer"
      >
        <input
          placeholder="name"
          required=""
          type="text"
          value=""
        />
        <input
          placeholder="username"
          required=""
          type="text"
          value=""
        />
        <input
          pattern="[a-z0-9._%+-]+@[a-z0-9.-]+\\\\.[a-z]{2,4}$"
          placeholder="email"
          required=""
          type="email"
          value=""
        />
      </div>
      <div
        class="btnAddFromFormContainer"
      >
        <button
          class="btnDisabled"
          type="submit"
        >
          Add from Form
        </button>
      </div>
    </form>
    <div
      class="btnAddFromApiContainer"
    >
      <button
        class=""
      >
        Add from API
      </button>
    </div>
  </div>,
  "debug": [Function],
  "findAllByAltText": [Function],
  "findAllByDisplayValue": [Function],
  "findAllByLabelText": [Function],
  "findAllByPlaceholderText": [Function],
  "findAllByRole": [Function],
  "findAllByTestId": [Function],
  "findAllByText": [Function],
  "findAllByTitle": [Function],
  "findByAltText": [Function],
  "findByDisplayValue": [Function],
  "findByLabelText": [Function],
  "findByPlaceholderText": [Function],
  "findByRole": [Function],
  "findByTestId": [Function],
  "findByText": [Function],
  "findByTitle": [Function],
  "getAllByAltText": [Function],
  "getAllByDisplayValue": [Function],
  "getAllByLabelText": [Function],
  "getAllByPlaceholderText": [Function],
  "getAllByRole": [Function],
  "getAllByTestId": [Function],
  "getAllByText": [Function],
  "getAllByTitle": [Function],
  "getByAltText": [Function],
  "getByDisplayValue": [Function],
  "getByLabelText": [Function],
  "getByPlaceholderText": [Function],
  "getByRole": [Function],
  "getByTestId": [Function],
  "getByText": [Function],
  "getByTitle": [Function],
  "queryAllByAltText": [Function],
  "queryAllByDisplayValue": [Function],
  "queryAllByLabelText": [Function],
  "queryAllByPlaceholderText": [Function],
  "queryAllByRole": [Function],
  "queryAllByTestId": [Function],
  "queryAllByText": [Function],
  "queryAllByTitle": [Function],
  "queryByAltText": [Function],
  "queryByDisplayValue": [Function],
  "queryByLabelText": [Function],
  "queryByPlaceholderText": [Function],
  "queryByRole": [Function],
  "queryByTestId": [Function],
  "queryByText": [Function],
  "queryByTitle": [Function],
  "rerender": [Function],
  "unmount": [Function],
}
`;
